
USAGE: 

   ../examples/test18  [--] [--version] [-h]


Where: 

   --,  --ignore_rest
     Ignores the rest of the labeled arguments following this flag.

   --version
     Displays version information and exits.

   -h,  --help
     Displays usage information and exits.


   Command description message

Exiting on ExitException.
