1 2 3 
4 5 6 
7 8 9 
-1 0.2 0.4 
REVERSED
-1 0.2 0.4 
7 8 9 
4 5 6 
1 2 3 
