0  bart
1  lisa
for float we got : 3.7
for int we got : 10
for string we got : homer
for ulabeled we got : marge
for bool A we got : 0
for bool B we got : 0
for bool C we got : 0
