REVERSE
Verbose level: 3
Noise level: 7
Word: blah
