error: Couldn't find match for argument for arg Argument: --bob
