PARSE ERROR: Argument: -f (--floatTest)
             More than one valid value parsed from string '1.0.0'

Brief USAGE: 
   ../examples/test3  [-f=<float>] ...  [-i=<int>] ... 
                      --stringTest=<string> [-B] [--] [--version] [-h]
                      <string> <string> <fileNameString> ...

For complete USAGE and HELP type: 
   ../examples/test3 --help

