Got num 2
Got num 1
Got num 3
Got name homer
Got name marge
