my failure message: 
-s -- Couldn't find match for argument
