0  one
1  two
for float we got : 3.7
for int we got : 1
for string we got : fdsa
for ulabeled we got : -
for bool A we got : 0
for bool B we got : 0
for bool C we got : 0
