for string we got : asdf
for bool B we got : 1
for bool A we got : 1
