[  ] 0  zero
[  ] 1  one
for string we got : asdf
for ulabeled one we got : -
for ulabeled two we got : asdf
for bool B we got : 0
