for J:
 0  o
 1  t
for A OR B we got : asdf
for string C we got : fdas
for string D we got : 1
for E or F or G we got: blah
