PARSE ERROR: Argument: -i (--iii)
             Mutually exclusive argument already set!

Brief USAGE: 
   ../examples/test5  {-a <string>|-b <string>} {--eee <string>|--fff
                      <string>|-g <string>} {-i <string> ... |-j <string>
                      ... } [--ddd] -c <string> [--] [--version] [-h]

For complete USAGE and HELP type: 
   ../examples/test5 --help

