PARSE ERROR: Argument: (--times)
             Value '6' does not meet constraint: 1|2|3

Brief USAGE: 
   ../examples/test6  -n <homer|marge|bart|lisa|maggie> [--] [--version]
                      [-h] <1|2|3>

For complete USAGE and HELP type: 
   ../examples/test6 --help

