[  ] 0  bart
[  ] 1  one
[  ] 2  two
for string we got : aaa
for ulabeled one we got : homer
for ulabeled two we got : marge
for bool B we got : 0
