PARSE ERROR: Argument: -f (--floatTest)
             More than one valid value parsed from string '4.0.2'

Brief USAGE: 
   ../examples/test2  [-f <float>] -i <int> -s <string> [-A] [-C] [-B] [--]
                      [--version] [-h] <string> <string> ...

For complete USAGE and HELP type: 
   ../examples/test2 --help

