PARSE ERROR: Argument: (--times)
             Value '6' does not meet constraint: 1|2|3

Brief USAGE: 
   ThisIsAVeryLongProgramNameDesignedToTestSpacePrintWhichUsedToHaveProblem
                                        sWithLongProgramNamesIThinkItIsNowL
                                        ongEnough  [-l <int>] [-u <float
                                        lte 1>] [-b <float lte 1>] [-z
                                        <filename>] [-x <filename>] [-s
                                        <name string>] [-d] [-g <negative
                                        int>] [-f <negative int>] -n <homer
                                        |marge|bart|lisa|maggie> ...  [--]
                                        [--version] [-h] <1|2|3> ...

For complete USAGE and HELP type: 
   ThisIsAVeryLongProgramNameDesignedToTestSpacePrintWhichUsedToHaveProblemsWithLongProgramNamesIThinkItIsNowLongEnough --help

