PARSE ERROR:  
             Required argument missing: vect

Brief USAGE: 
   ../examples/test11  -v <3D vector> [--] [--version] [-h]

For complete USAGE and HELP type: 
   ../examples/test11 --help

